testing flush_outputtesting flush_outputtesting flush_outputtesting flush_outputtesting flush_outputtesting flush_outputtesting flush_outputtesting flush_outputtesting flush_outputtesting flush_outputtesting flush_outputtesting flush_outputtesting flush_outputtesting flush_outputtesting flush_outputtesting flush_outputtesting flush_outputtesting flush_outputtesting flush_outputtesting flush_outputtesting flush_outputtesting flush_outputtesting flush_outputtesting flush_outputtesting flush_outputtesting flush_outputtesting flush_outputtesting flush_outputtesting flush_outputtesting flush_outputtesting flush_outputtesting flush_outputtesting flush_outputtesting flush_outputtesting flush_outputtesting flush_outputtesting flush_outputtesting flush_outputtesting flush_outputtesting flush_outputtesting flush_outputtesting flush_outputtesting flush_outputtesting flush_outputtesting flush_outputtesting flush_outputtesting flush_outputtesting flush_outputtesting flush_outputtesting flush_outputtesting flush_outputtesting flush_outputtesting flush_outputtesting flush_outputtesting flush_outputtesting flush_outputtesting flush_outputtesting flush_outputtesting flush_outputtesting flush_outputtesting flush_outputtesting flush_outputtesting flush_outputtesting flush_outputtesting flush_outputtesting flush_outputtesting flush_output